
> Chaitra@1.2.0 build
> cross-env NODE_ENV=production rimraf dist dist-electron && npm run build:swift:check && vite build && tsc -p tsconfig.electron.json && electron-builder --mac --win --x64


> Chaitra@1.2.0 build:swift:check
> node -e "if(process.platform === 'darwin') { require('child_process').execSync('npm run build:swift:universal', {stdio: 'inherit'}); } else { console.log('Skipping Swift build on non-macOS platform'); }"

Skipping Swift build on non-macOS platform
[36mvite v6.4.1 [32mbuilding for production...[36m[39m
transforming...
[32mΓ£ô[39m 3464 modules transformed.
rendering chunks...
computing gzip size...
[2mdist/[22m[32mindex.html                 [39m[1m[2m    1.00 kB[22m[1m[22m[2m Γöé gzip:   0.52 kB[22m
[2mdist/[22m[35massets/index-f_ijj-9Y.css  [39m[1m[2m   39.37 kB[22m[1m[22m[2m Γöé gzip:   7.77 kB[22m
[2mdist/[22m[36massets/index-c_iulDFR.js   [39m[1m[33m1,561.68 kB[39m[22m[2m Γöé gzip: 487.44 kB[22m[2m Γöé map: 5,211.40 kB[22m
node.exe : [33m
At line:1 char:1
+ & "C:\Program Files\nodejs/node.exe" 
"C:\Users\ashin\AppData\Roaming\ ...
+ ~~~~~~~~~~~~~~~~~~~~~~~~~~~~~~~~~~~~~~~~~~~~~~~
~~~~~~~~~~~~~~~~~~~~~~
    + CategoryInfo          : NotSpecified: ([3 
   3m:String) [], RemoteException
    + FullyQualifiedErrorId : NativeCommandError
 
(!) Some chunks are larger than 500 kB after 
minification. Consider:
- Using dynamic import() to code-split the 
application
- Use build.rollupOptions.output.manualChunks to 
improve chunking: https://rollupjs.org/configurat
ion-options/#output-manualchunks
- Adjust chunk size limit for this warning via 
build.chunkSizeWarningLimit.[39m
[32mΓ£ô built in 13.64s[39m
[36mvite v6.4.1 [32mbuilding for production...[36m[39m
transforming...
[32mΓ£ô[39m 1 modules transformed.
[31mΓ£ù[39m Build failed in 63ms
[31merror during build:
[31m[vite:esbuild] Transform failed with 1 
error:
C:/Users/ashin/AndroidStudioProjects/Gwenie/Chait
ra/electron/ProcessingHelper.ts:215:16: ERROR: 
Unexpected ")"[31m
file: [36mC:/Users/ashin/AndroidStudioProjects/G
wenie/Chaitra/electron/ProcessingHelper.ts:215:16
[31m
[33m
[33mUnexpected ")"[33m
213|                  // console.log(
214|                    "Rate limit encountered. 
Keeping response view active for retry."
215|                  );
   |                  ^
216|                  
this.deps.setView("response");
217|                } else {
[31m
    at failureErrorWithLog (C:\Users\ashin\Androi
dStudioProjects\Gwenie\Chaitra\node_modules\esbui
ld\lib\main.js:1467:15)
    at C:\Users\ashin\AndroidStudioProjects\Gweni
e\Chaitra\node_modules\esbuild\lib\main.js:736:50
    at responseCallbacks.<computed> (C:\Users\ash
in\AndroidStudioProjects\Gwenie\Chaitra\node_modu
les\esbuild\lib\main.js:603:9)
    at handleIncomingPacket (C:\Users\ashin\Andro
idStudioProjects\Gwenie\Chaitra\node_modules\esbu
ild\lib\main.js:658:12)
    at Socket.readFromStdout (C:\Users\ashin\Andr
oidStudioProjects\Gwenie\Chaitra\node_modules\esb
uild\lib\main.js:581:7)
    at Socket.emit (node:events:519:28)
    at addChunk 
(node:internal/streams/readable:561:12)
    at readableAddChunkPushByteMode 
(node:internal/streams/readable:512:3)
    at Readable.push 
(node:internal/streams/readable:392:5)
    at Pipe.onStreamRead 
(node:internal/stream_base_commons:189:23)[39m
