electron/main.ts(1240,3): error TS2322: Type 'boolean | null' is not assignable to type 'boolean'.
  Type 'null' is not assignable to type 'boolean'.
electron/ProcessingHelper.ts(358,13): error TS2322: Type 'string | undefined' is not assignable to type 'string | null'.
  Type 'undefined' is not assignable to type 'string | null'.
electron/ScreenCaptureHelper.ts(420,7): error TS2531: Object is possibly 'null'.
electron/ScreenCaptureHelper.ts(421,7): error TS2531: Object is possibly 'null'.
src/components/Commands.tsx(196,9): error TS2322: Type '{ initial: { opacity: number; scale: number; y: number; }; animate: { opacity: number; scale: number; y: number; transition: { duration: number; ease: number[]; }; }; }' is not assignable to type 'Variants'.
  Property 'animate' is incompatible with index signature.
    Type '{ opacity: number; scale: number; y: number; transition: { duration: number; ease: number[]; }; }' is not assignable to type 'Variant'.
      Type '{ opacity: number; scale: number; y: number; transition: { duration: number; ease: number[]; }; }' is not assignable to type 'TargetAndTransition'.
        Type '{ opacity: number; scale: number; y: number; transition: { duration: number; ease: number[]; }; }' is not assignable to type '{ transition?: Transition<any> | undefined; transitionEnd?: ResolvedValues$1 | undefined; }'.
          Types of property 'transition' are incompatible.
            Type '{ duration: number; ease: number[]; }' is not assignable to type 'Transition<any> | undefined'.
              Type '{ duration: number; ease: number[]; }' is not assignable to type 'TransitionWithValueOverrides<any>'.
                Type '{ duration: number; ease: number[]; }' is not assignable to type 'ValueAnimationTransition<any>'.
                  Types of property 'ease' are incompatible.
                    Type 'number[]' is not assignable to type 'Easing | Easing[] | undefined'.
                      Type 'number[]' is not assignable to type 'EasingFunction | Easing[]'.
                        Type 'number[]' is not assignable to type 'Easing[]'.
                          Type 'number' is not assignable to type 'Easing'.
src/components/Commands.tsx(326,19): error TS2322: Type '{ hidden: { opacity: number; x: number; }; visible: (i: number) => { opacity: number; x: number; transition: { delay: number; duration: number; ease: number[]; }; }; }' is not assignable to type 'Variants'.
  Property 'visible' is incompatible with index signature.
    Type '(i: number) => { opacity: number; x: number; transition: { delay: number; duration: number; ease: number[]; }; }' is not assignable to type 'Variant'.
      Type '(i: number) => { opacity: number; x: number; transition: { delay: number; duration: number; ease: number[]; }; }' is not assignable to type 'TargetResolver'.
        Type '{ opacity: number; x: number; transition: { delay: number; duration: number; ease: number[]; }; }' is not assignable to type 'string | TargetAndTransition'.
          Type '{ opacity: number; x: number; transition: { delay: number; duration: number; ease: number[]; }; }' is not assignable to type 'TargetAndTransition'.
            Type '{ opacity: number; x: number; transition: { delay: number; duration: number; ease: number[]; }; }' is not assignable to type '{ transition?: Transition<any> | undefined; transitionEnd?: ResolvedValues$1 | undefined; }'.
              Types of property 'transition' are incompatible.
                Type '{ delay: number; duration: number; ease: number[]; }' is not assignable to type 'Transition<any> | undefined'.
                  Type '{ delay: number; duration: number; ease: number[]; }' is not assignable to type 'TransitionWithValueOverrides<any>'.
                    Type '{ delay: number; duration: number; ease: number[]; }' is not assignable to type 'ValueAnimationTransition<any>'.
                      Types of property 'ease' are incompatible.
                        Type 'number[]' is not assignable to type 'Easing | Easing[] | undefined'.
                          Type 'number[]' is not assignable to type 'EasingFunction | Easing[]'.
                            Type 'number[]' is not assignable to type 'Easing[]'.
                              Type 'number' is not assignable to type 'Easing'.
src/components/main/index.tsx(46,41): error TS2339: Property 'onToggleTransparency' does not exist on type '{ updateContentDimensions: (dimensions: { width?: string | number | undefined; height: number; }) => Promise<void>; setFixedResponseWidth: () => Promise<{ success: boolean; data?: { fixedWidth: number; } | undefined; error?: string | undefined; }>; ... 58 more ...; resetAppOpenCount: () => Promise<...>; }'.
src/components/response/index.tsx(199,42): error TS2345: Argument of type '(chunk: string) => void' is not assignable to parameter of type '(data: { response: string; }) => void'.
  Types of parameters 'chunk' and 'data' are incompatible.
    Type '{ response: string; }' is not assignable to type 'string'.
src/components/response/index.tsx(409,13): error TS2322: Type '{ hidden: { opacity: number; y: number; }; visible: { opacity: number; y: number; transition: { duration: number; ease: string; }; }; }' is not assignable to type 'Variants'.
  Property 'visible' is incompatible with index signature.
    Type '{ opacity: number; y: number; transition: { duration: number; ease: string; }; }' is not assignable to type 'Variant'.
      Type '{ opacity: number; y: number; transition: { duration: number; ease: string; }; }' is not assignable to type 'TargetAndTransition'.
        Type '{ opacity: number; y: number; transition: { duration: number; ease: string; }; }' is not assignable to type '{ transition?: Transition<any> | undefined; transitionEnd?: ResolvedValues$1 | undefined; }'.
          Types of property 'transition' are incompatible.
            Type '{ duration: number; ease: string; }' is not assignable to type 'Transition<any> | undefined'.
              Type '{ duration: number; ease: string; }' is not assignable to type 'TransitionWithValueOverrides<any>'.
                Type '{ duration: number; ease: string; }' is not assignable to type 'ValueAnimationTransition<any>'.
                  Types of property 'ease' are incompatible.
                    Type 'string' is not assignable to type 'Easing | Easing[] | undefined'.
src/components/shared/LoadingDots.tsx(34,9): error TS2322: Type '{ pulse: { scale: number[]; opacity: number[]; transition: { duration: number; repeat: number; ease: string; }; }; }' is not assignable to type 'Variants'.
  Property 'pulse' is incompatible with index signature.
    Type '{ scale: number[]; opacity: number[]; transition: { duration: number; repeat: number; ease: string; }; }' is not assignable to type 'Variant'.
      Type '{ scale: number[]; opacity: number[]; transition: { duration: number; repeat: number; ease: string; }; }' is not assignable to type 'TargetAndTransition'.
        Type '{ scale: number[]; opacity: number[]; transition: { duration: number; repeat: number; ease: string; }; }' is not assignable to type '{ transition?: Transition<any> | undefined; transitionEnd?: ResolvedValues$1 | undefined; }'.
          Types of property 'transition' are incompatible.
            Type '{ duration: number; repeat: number; ease: string; }' is not assignable to type 'Transition<any> | undefined'.
              Type '{ duration: number; repeat: number; ease: string; }' is not assignable to type 'TransitionWithValueOverrides<any>'.
                Type '{ duration: number; repeat: number; ease: string; }' is not assignable to type 'ValueAnimationTransition<any>'.
                  Types of property 'ease' are incompatible.
                    Type 'string' is not assignable to type 'Easing | Easing[] | undefined'.
src/components/shared/LoadingDots.tsx(43,9): error TS2322: Type '{ pulse: { scale: number[]; opacity: number[]; transition: { duration: number; repeat: number; ease: string; }; }; }' is not assignable to type 'Variants'.
  Property 'pulse' is incompatible with index signature.
    Type '{ scale: number[]; opacity: number[]; transition: { duration: number; repeat: number; ease: string; }; }' is not assignable to type 'Variant'.
      Type '{ scale: number[]; opacity: number[]; transition: { duration: number; repeat: number; ease: string; }; }' is not assignable to type 'TargetAndTransition'.
        Type '{ scale: number[]; opacity: number[]; transition: { duration: number; repeat: number; ease: string; }; }' is not assignable to type '{ transition?: Transition<any> | undefined; transitionEnd?: ResolvedValues$1 | undefined; }'.
          Types of property 'transition' are incompatible.
            Type '{ duration: number; repeat: number; ease: string; }' is not assignable to type 'Transition<any> | undefined'.
              Type '{ duration: number; repeat: number; ease: string; }' is not assignable to type 'TransitionWithValueOverrides<any>'.
                Type '{ duration: number; repeat: number; ease: string; }' is not assignable to type 'ValueAnimationTransition<any>'.
                  Types of property 'ease' are incompatible.
                    Type 'string' is not assignable to type 'Easing | Easing[] | undefined'.
src/components/shared/LoadingDots.tsx(52,9): error TS2322: Type '{ pulse: { scale: number[]; opacity: number[]; transition: { duration: number; repeat: number; ease: string; }; }; }' is not assignable to type 'Variants'.
  Property 'pulse' is incompatible with index signature.
    Type '{ scale: number[]; opacity: number[]; transition: { duration: number; repeat: number; ease: string; }; }' is not assignable to type 'Variant'.
      Type '{ scale: number[]; opacity: number[]; transition: { duration: number; repeat: number; ease: string; }; }' is not assignable to type 'TargetAndTransition'.
        Type '{ scale: number[]; opacity: number[]; transition: { duration: number; repeat: number; ease: string; }; }' is not assignable to type '{ transition?: Transition<any> | undefined; transitionEnd?: ResolvedValues$1 | undefined; }'.
          Types of property 'transition' are incompatible.
            Type '{ duration: number; repeat: number; ease: string; }' is not assignable to type 'Transition<any> | undefined'.
              Type '{ duration: number; repeat: number; ease: string; }' is not assignable to type 'TransitionWithValueOverrides<any>'.
                Type '{ duration: number; repeat: number; ease: string; }' is not assignable to type 'ValueAnimationTransition<any>'.
                  Types of property 'ease' are incompatible.
                    Type 'string' is not assignable to type 'Easing | Easing[] | undefined'.
src/components/ui/dialog.tsx(1,34): error TS2307: Cannot find module '@radix-ui/react-dialog' or its corresponding type declarations.
